C:\Users\Densul TI\Desktop 2\cs20162-aula03\src\main\java\com\github\marcosmathias\cs20162aula02\CrivoDeEratostenes.java
C:\Users\Densul TI\Desktop 2\cs20162-aula03\src\main\java\com\github\marcosmathias\cs20162aula02\MaiorDivisorComum.java
C:\Users\Densul TI\Desktop 2\cs20162-aula03\src\main\java\com\github\marcosmathias\cs20162aula02\NumeroHarmonico.java
C:\Users\Densul TI\Desktop 2\cs20162-aula03\src\main\java\com\github\marcosmathias\cs20162aula02\NumeroPrimo.java
C:\Users\Densul TI\Desktop 2\cs20162-aula03\src\main\java\com\github\marcosmathias\cs20162aula02\PotenciaComSoma.java
C:\Users\Densul TI\Desktop 2\cs20162-aula03\src\main\java\com\github\marcosmathias\cs20162aula02\ProdutoInteirosComSoma.java
C:\Users\Densul TI\Desktop 2\cs20162-aula03\src\main\java\com\github\marcosmathias\cs20162aula02\Propriedade153.java
C:\Users\Densul TI\Desktop 2\cs20162-aula03\src\main\java\com\github\marcosmathias\cs20162aula02\Propriedade3025.java
C:\Users\Densul TI\Desktop 2\cs20162-aula03\src\main\java\com\github\marcosmathias\cs20162aula02\SomaNaturais.java
C:\Users\Densul TI\Desktop 2\cs20162-aula03\src\test\java\com\github\marcosmathias\cs20162aula02\CrivoDeEratostenesTest.java
C:\Users\Densul TI\Desktop 2\cs20162-aula03\src\test\java\com\github\marcosmathias\cs20162aula02\MaiorDivisorComumTest.java
C:\Users\Densul TI\Desktop 2\cs20162-aula03\src\test\java\com\github\marcosmathias\cs20162aula02\NumeroHarmonicoTest.java
C:\Users\Densul TI\Desktop 2\cs20162-aula03\src\test\java\com\github\marcosmathias\cs20162aula02\NumeroPrimoTest.java
C:\Users\Densul TI\Desktop 2\cs20162-aula03\src\test\java\com\github\marcosmathias\cs20162aula02\PotenciaComSomaTest.java
C:\Users\Densul TI\Desktop 2\cs20162-aula03\src\test\java\com\github\marcosmathias\cs20162aula02\ProdutoInteirosComSomaTest.java
C:\Users\Densul TI\Desktop 2\cs20162-aula03\src\test\java\com\github\marcosmathias\cs20162aula02\Propriedade153Test.java
C:\Users\Densul TI\Desktop 2\cs20162-aula03\src\test\java\com\github\marcosmathias\cs20162aula02\Propriedade3025Test.java
C:\Users\Densul TI\Desktop 2\cs20162-aula03\src\test\java\com\github\marcosmathias\cs20162aula02\SomaNaturaisTest.java
